
> heroes-of-time-frontend@1.0.0 build
> react-scripts build

(node:85059) [DEP0176] DeprecationWarning: fs.F_OK is deprecated, use fs.constants.F_OK instead
(Use `node --trace-deprecation ...` to show where the warning was created)
Creating an optimized production build...
Failed to compile.

TS2341: Property 'makeRequest' is private and only accessible within class 'ApiService'.
    145 |   static async getAllMagicItems(): Promise<any[]> {
    146 |     try {
  > 147 |       const response = await ApiService.makeRequest('/magic-items', {
        |                                         ^^^^^^^^^^^
    148 |         method: 'GET'
    149 |       });
    150 |


